| expressions.cs:56:9:56:13 | Class | expressions.cs:56:19:56:22 | call to constructor Class | expressions.cs:58:19:58:23 | Class |
| expressions.cs:58:19:58:23 | Class | expressions.cs:58:19:58:23 | call to constructor Object | file://:0:0:0:0 | Object |
| expressions.cs:133:13:133:18 | Nested | expressions.cs:133:13:133:18 | call to constructor Class | expressions.cs:56:9:56:13 | Class |
| expressions.cs:134:13:134:18 | Nested | expressions.cs:134:29:134:32 | call to constructor Class | expressions.cs:58:19:58:23 | Class |
| expressions.cs:250:16:250:26 | LoginDialog | expressions.cs:250:16:250:26 | call to constructor Object | file://:0:0:0:0 | Object |
| expressions.cs:271:16:271:24 | IntVector | expressions.cs:271:16:271:24 | call to constructor Object | file://:0:0:0:0 | Object |
| expressions.cs:311:16:311:20 | Digit | expressions.cs:311:16:311:20 | call to constructor ValueType | file://:0:0:0:0 | ValueType |
| expressions.cs:481:20:481:22 | Num | expressions.cs:481:20:481:22 | call to constructor Object | file://:0:0:0:0 | Object |
